// Jest Snapshot v1, https://goo.gl/fbAQLP

exports[`tests in MultipleCustomHooks component should render properly 1`] = `
<div>
  <h1>
    Multiple custom hooks demo (Breaking Bad Quotes API)
  </h1>
  <div
    className="alert alert-info text-center"
  >
    Loading...
  </div>
  <button
    className="btn btn-primary"
    onClick={[Function]}
  >
    Change Quote
  </button>
</div>
`;

exports[`tests in MultipleCustomHooks should render properly 1`] = `
<div>
  <h1>
    Multiple custom hooks demo (Breaking Bad Quotes API)
  </h1>
  <div
    className="alert alert-info text-center"
  >
    Loading...
  </div>
  <button
    className="btn btn-primary"
    onClick={[Function]}
  >
    Change Quote
  </button>
</div>
`;
